// Jest Snapshot v1, https://goo.gl/fbAQLP

exports[`should render correctly should render correctly  1`] = `null`;

exports[`should render correctly should renders correctly 1`] = `ShallowWrapper {}`;
